Resolved 101 packages in 352ms
Downloading torch (528.9MiB)
Downloading networkx (2.0MiB)
Downloading hf-transfer (3.4MiB)
Downloading cuda-bindings (6.8MiB)
Downloading pydantic-core (2.1MiB)
Downloading sentencepiece (1.3MiB)
Downloading pyarrow (51.4MiB)
Downloading tokenizers (3.2MiB)
Downloading unsloth (27.1MiB)
Downloading xformers (3.1MiB)
Downloading diffusers (5.8MiB)
Downloading bitsandbytes (41.1MiB)
Downloading unsloth-zoo (2.2MiB)
Downloading torchao (3.2MiB)
Downloading torchvision (7.1MiB)
 Downloaded sentencepiece
 Downloaded networkx
 Downloaded pydantic-core
 Downloaded unsloth-zoo
 Downloaded xformers
 Downloaded tokenizers
 Downloaded torchao
 Downloaded hf-transfer
 Downloaded diffusers
 Downloaded cuda-bindings
 Downloaded torchvision
 Downloaded unsloth
 Downloaded bitsandbytes
 Downloaded pyarrow
 Downloaded torch
Prepared 101 packages in 3.18s
Installed 101 packages in 401ms
 + accelerate==1.15.0
 + aiohappyeyeballs==2.7.1
 + aiohttp==3.14.4
 + aiosignal==1.4.0
 + annotated-doc==0.0.5
 + annotated-types==0.8.0
 + anyio==4.15.1
 + attrs==26.1.0
 + bitsandbytes==0.50.2
 + certifi==2026.7.22
 + charset-normalizer==3.5.2
 + click==8.5.0
 + cuda-bindings==13.4.3
 + cuda-pathfinder==1.8.3
 + cuda-toolkit==13.0.3.0
 + cut-cross-entropy==25.1.1
 + datasets==4.8.5
 + diffusers==0.41.0
 + dill==0.4.1
 + docstring-parser==0.18.0
 + filelock==4.0.12
 + frozenlist==1.8.0
 + fsspec==2026.2.0
 + h11==0.16.0
 + hf-transfer==0.1.9
 + hf-xet==1.7.0
 + httpcore==1.0.9
 + httpx==0.28.1
 + huggingface-hub==1.33.0
 + idna==3.20
 + importlib-metadata==9.0.1
 + jinja2==3.1.6
 + markdown-it-py==4.2.0
 + markupsafe==3.0.4
 + mdurl==0.1.2
 + mpmath==1.3.0
 + msgspec==0.22.0
 + multidict==6.9.1
 + multiprocess==0.70.19
 + nest-asyncio==1.6.0
 + networkx==3.7
 + numpy==2.5.3
 + nvidia-cublas==13.1.1.3
 + nvidia-cuda-cupti==13.0.85
 + nvidia-cuda-nvrtc==13.0.88
 + nvidia-cuda-runtime==13.0.96
 + nvidia-cudnn-cu13==9.24.0.43
 + nvidia-cufft==12.0.0.61
 + nvidia-cufile==1.15.1.6
 + nvidia-curand==10.4.0.35
 + nvidia-cusolver==12.0.4.66
 + nvidia-cusparse==12.6.3.3
 + nvidia-cusparselt-cu13==0.8.1
 + nvidia-nccl-cu13==2.30.7
 + nvidia-nvjitlink==13.4.92
 + nvidia-nvshmem-cu13==3.4.5
 + nvidia-nvtx==13.0.85
 + packaging==26.3
 + pandas==3.0.6
 + peft==0.21.2
 + pillow==12.3.0
 + propcache==0.5.4
 + protobuf==7.36.2
 + psutil==7.2.2
 + pyarrow==26.0.0
 + pydantic==2.14.0
 + pydantic-core==2.50.0
 + pygments==2.21.0
 + python-dateutil==2.9.0.post0
 + pyyaml==6.0.3
 + regex==2026.9.29
 + requests==2.34.2
 + rich==15.0.0
 + safetensors==0.8.0
 + sentencepiece==0.2.2
 + setuptools==84.0.0
 + shellingham==1.5.4
 + six==1.17.0
 + structlog==26.1.0
 + sympy==1.14.0
 + tokenizers==0.23.3
 + torch==2.14.1
 + torchao==0.18.0
 + torchvision==0.29.1
 + tqdm==4.70.1
 + transformers==5.17.0
 + triton==3.8.0
 + trl==1.13.0
 + typeguard==4.6.0
 + typer==0.27.3
 + typing-extensions==4.16.0
 + typing-inspection==0.4.4
 + tyro==1.0.16
 + unsloth==2026.10.3
 + unsloth-zoo==2026.10.3
 + urllib3==2.8.0
 + wheel==0.48.0
 + xformers==0.0.35
 + xxhash==4.0.1
 + yarl==1.25.1
 + zipp==4.1.1
INSTALL_DONE 0
